#===============================================================================
# Copyright 2006-2017 Intel Corporation All Rights Reserved.
#
# The source code,  information  and material  ("Material") contained  herein is
# owned by Intel Corporation or its  suppliers or licensors,  and  title to such
# Material remains with Intel  Corporation or its  suppliers or  licensors.  The
# Material  contains  proprietary  information  of  Intel or  its suppliers  and
# licensors.  The Material is protected by  worldwide copyright  laws and treaty
# provisions.  No part  of  the  Material   may  be  used,  copied,  reproduced,
# modified, published,  uploaded, posted, transmitted,  distributed or disclosed
# in any way without Intel's prior express written permission.  No license under
# any patent,  copyright or other  intellectual property rights  in the Material
# is granted to  or  conferred  upon  you,  either   expressly,  by implication,
# inducement,  estoppel  or  otherwise.  Any  license   under such  intellectual
# property rights must be express and approved by Intel in writing.
#
# Unless otherwise agreed by Intel in writing,  you may not remove or alter this
# notice or  any  other  notice   embedded  in  Materials  by  Intel  or Intel's
# suppliers or licensors in any way.
#===============================================================================

DFT = \
dp_plan_dft \
dp_plan_dft_1d \
dp_plan_dft_2d \
dp_plan_dft_3d \
dp_plan_dft_c2r \
dp_plan_dft_c2r_1d \
dp_plan_dft_c2r_2d \
dp_plan_dft_c2r_3d \
dp_plan_dft_r2c \
dp_plan_dft_r2c_1d \
dp_plan_dft_r2c_2d \
dp_plan_dft_r2c_3d \
dp_plan_guru64_dft \
dp_plan_guru64_dft_c2r \
dp_plan_guru64_dft_r2c \
dp_plan_guru64_split_dft \
dp_plan_guru_dft \
dp_plan_guru_dft_c2r \
dp_plan_guru_dft_r2c \
dp_plan_guru_split_dft \
dp_plan_many_dft \
dp_plan_many_dft_c2r \
dp_plan_many_dft_r2c \
dp_plan_r2r_1d \
sp_plan_dft \
sp_plan_dft_1d \
sp_plan_dft_2d \
sp_plan_dft_3d \
sp_plan_dft_c2r \
sp_plan_dft_c2r_1d \
sp_plan_dft_c2r_2d \
sp_plan_dft_c2r_3d \
sp_plan_dft_r2c \
sp_plan_dft_r2c_1d \
sp_plan_dft_r2c_2d \
sp_plan_dft_r2c_3d \
sp_plan_guru64_dft \
sp_plan_guru64_dft_c2r \
sp_plan_guru64_dft_r2c \
sp_plan_guru64_split_dft \
sp_plan_guru_dft \
sp_plan_guru_dft_c2r \
sp_plan_guru_dft_r2c \
sp_plan_guru_split_dft \
sp_plan_many_dft \
sp_plan_many_dft_c2r \
sp_plan_many_dft_r2c \
sp_plan_r2r_1d
